17	302	0/1	0/1	1/1
17	828	0/1	0/1	1/1
17	834	0/1	0/1	1/1
17	1665	0/0	0/0	0/1
17	1869	0/1	0/1	1/1
17	2041	0/1	0/1	1/1
17	2220	0/1	0/1	1/1
17	2564	0/1	0/1	1/1
17	3104	0/0	0/0	0/1
17	3587	0/1	0/1	1/1
17	3936	0/1	0/1	1/1
