##fileformat=VCFv4.2
##FILTER=<ID=PASS,Description="All filters passed">
##reference=file:///lustre/scratch105/projects/g1k/ref/main_project/human_g1k_v37.fasta
##contig=<ID=1,length=249250621>
##FORMAT=<ID=PL,Number=G,Type=Integer,Description="List of Phred-scaled genotype likelihoods">
##FORMAT=<ID=DP,Number=1,Type=Integer,Description="Number of high-quality bases">
##FORMAT=<ID=DV,Number=1,Type=Integer,Description="Number of high-quality non-reference bases">
##FORMAT=<ID=GT,Number=1,Type=String,Description="Genotype">
##INFO=<ID=END,Number=1,Type=Integer,Description="End position of the variant described in this record">
#CHROM	POS	ID	REF	ALT	QUAL	FILTER	INFO	FORMAT	aaa	bbb	ccc	dddd
1	900041	.	G	.	.	.	END=900110	GT	./.	./.	./.	0/0
1	900110	.	G	.	.	.	END=900110	GT	0/0	0/0	./.	./.
1	900115	.	G	.	.	.	END=900115	GT	0/0	./.	./.	./.
1	900117	.	G	.	.	.	END=900122	GT	0/0	./.	./.	./.
1	900124	.	G	.	.	.	END=900128	GT	0/0	./.	./.	./.
1	900124	.	G	GC	4.7751	.	.	GT:PL:DP:DV	./.:.:.:.	1/1:30,6,0:2:2	./.:.:.:.	./.:.:.:.
1	900125	.	C	.	.	.	END=900140	GT	./.	./.	./.	0/0
1	900126	.	G	.	.	.	END=900168	GT	./.	0/0	./.	./.
1	900130	.	C	.	.	.	END=900135	GT	0/0	./.	./.	./.
1	900137	.	G	.	.	.	END=900284	GT	0/0	./.	./.	./.
1	900141	.	A	C	39.259	.	.	GT:PL:DP:DV	./.:.:.:.	./.:.:.:.	./.:.:.:.	1/1:66,8,0:5:4
1	900142	.	T	.	.	.	END=900166	GT	./.	./.	./.	0/0
1	900164	.	G	.	.	.	END=900164	GT	./.	./.	0/0	./.
1	900166	.	G	.	.	.	END=900166	GT	./.	./.	0/0	./.
1	900168	.	C	.	.	.	END=900284	GT	./.	./.	0/0	0/0
1	900169	.	C	T	67	.	.	GT:PL:DP:DV	./.:.:.:.	0/1:64,0,86:6:3	./.:.:.:.	1/1:94,9,0:3:3
1	900170	.	G	.	.	.	END=900187	GT	./.	0/0	./.	0/0
1	900175	.	G	.	.	.	END=900191	GT	./.	./.	./.	0/0
1	900190	.	G	.	.	.	END=900198	GT	./.	0/0	./.	./.
1	900193	.	G	.	.	.	END=900209	GT	./.	./.	./.	0/0
1	900199	.	CG	C	8.39688	.	.	GT:PL:DP:DV	./.:.:.:.	0/1:41,0,102:6:2	./.:.:.:.	./.:.:.:.
1	900200	.	G	.	.	.	END=900207	GT	./.	0/0	./.	./.
1	900208	.	G	A	143	.	.	GT:PL:DP:DV	./.:.:.:.	0/1:176,0,143:16:9	./.:.:.:.	./.:.:.:.
1	900209	.	C	.	.	.	END=900284	GT	./.	0/0	./.	./.
1	900211	.	G	.	.	.	END=900285	GT	./.	./.	./.	0/0
1	900285	.	C	T	228	.	.	GT:PL:DP:DV	1/1:255,54,0:18:18	0/1:112,0,255:23:7	1/1:255,69,0:23:23	./.:.:.:.
1	900286	.	A	G	228	.	.	GT:PL:DP:DV	1/1:255,57,0:19:19	1/1:255,75,0:25:25	1/1:255,69,0:23:23	1/1:255,54,0:18:18
1	900287	.	G	.	.	.	END=900716	GT	0/0	0/0	0/0	0/0
1	900427	.	G	A	198	.	.	GT:PL:DP:DV	./.:.:.:.	./.:.:.:.	0/1:231,0,255:22:11	./.:.:.:.
1	900428	.	A	.	.	.	END=900729	GT	./.	./.	0/0	./.
1	900439	.	G	A	206	.	.	GT:PL:DP:DV	./.:.:.:.	0/1:219,0,255:28:11	./.:.:.:.	0/1:239,0,254:24:13
1	900440	.	A	.	.	.	END=900678	GT	./.	0/0	./.	0/0
1	900679	.	A	G	222	.	.	GT:PL:DP:DV	./.:.:.:.	0/1:255,0,255:40:18	./.:.:.:.	0/1:222,0,255:28:15
1	900680	.	T	.	.	.	END=900729	GT	./.	0/0	./.	0/0
1	900717	.	CTTAT	C	228	.	.	GT:PL:DP:DV	1/1:255,84,0:28:28	./.:.:.:.	./.:.:.:.	./.:.:.:.
1	900727	.	G	.	.	.	END=900729	GT	0/0	./.	./.	./.
1	900730	.	G	A	228	.	.	GT:PL:DP:DV	1/1:255,81,0:27:27	0/1:255,0,212:27:16	0/1:241,0,255:27:12	./.:.:.:.
1	900731	.	G	.	.	.	END=900971	GT	0/0	0/0	0/0	./.
1	900972	.	T	G	228	.	.	GT:PL:DP:DV	1/1:255,117,0:39:39	1/1:255,123,0:41:41	1/1:255,99,0:33:33	1/1:255,69,0:23:23
1	900973	.	T	.	.	.	END=901022	GT	0/0	0/0	0/0	0/0
1	901023	.	T	C	228	.	.	GT:PL:DP:DV	1/1:255,99,0:33:33	1/1:255,120,0:40:40	1/1:255,87,0:29:29	0/1:255,0,245:28:16
1	901024	.	G	.	.	.	END=901558	GT	0/0	0/0	0/0	0/0
1	901046	.	ACC	A	222	.	.	GT:PL:DP:DV	./.:.:.:.	0/1:255,0,255:35:22	0/1:224,0,255:34:13	./.:.:.:.
1	901047	.	C	.	.	.	END=901112	GT	./.	0/0	0/0	./.
1	901113	.	T	C	228	.	.	GT:PL:DP:DV	./.:.:.:.	0/1:229,0,255:26:10	./.:.:.:.	1/1:255,81,0:27:27
1	901114	.	C	.	.	.	END=901336	GT	./.	0/0	./.	0/0
1	901337	.	T	G	228	.	.	GT:PL:DP:DV	./.:.:.:.	0/1:255,0,255:31:16	./.:.:.:.	1/1:255,75,0:25:25
1	901338	.	C	.	.	.	END=901606	GT	./.	0/0	./.	0/0
1	901559	.	G	A	228	.	.	GT:PL:DP:DV	1/1:255,84,0:28:28	./.:.:.:.	./.:.:.:.	./.:.:.:.
1	901560	.	G	.	.	.	END=901606	GT	0/0	./.	./.	./.
1	901607	.	C	G	228	.	.	GT:PL:DP:DV	1/1:255,75,0:25:25	0/1:255,0,192:34:23	0/1:174,0,255:23:9	1/1:255,60,0:20:20
