##fileformat=VCFv4.2
##FILTER=<ID=PASS,Description="All filters passed">
##contig=<ID=17,length=81195210>
##ALT=<ID=X,Description="Represents allele(s) other than observed.">
##INFO=<ID=INDEL,Number=0,Type=Flag,Description="Indicates that the variant is an INDEL.">
##INFO=<ID=IDV,Number=1,Type=Integer,Description="Maximum number of reads supporting an indel">
##INFO=<ID=IMF,Number=1,Type=Float,Description="Maximum fraction of reads supporting an indel">
##INFO=<ID=DP,Number=1,Type=Integer,Description="Raw read depth">
##INFO=<ID=VDB,Number=1,Type=Float,Description="Variant Distance Bias for filtering splice-site artefacts in RNA-seq data (bigger is better)",Version="3">
##INFO=<ID=RPB,Number=1,Type=Float,Description="Mann-Whitney U test of Read Position Bias (bigger is better)">
##INFO=<ID=MQB,Number=1,Type=Float,Description="Mann-Whitney U test of Mapping Quality Bias (bigger is better)">
##INFO=<ID=BQB,Number=1,Type=Float,Description="Mann-Whitney U test of Base Quality Bias (bigger is better)">
##INFO=<ID=MQSB,Number=1,Type=Float,Description="Mann-Whitney U test of Mapping Quality vs Strand Bias (bigger is better)">
##INFO=<ID=SGB,Number=1,Type=Float,Description="Segregation based metric.">
##INFO=<ID=MQ0F,Number=1,Type=Float,Description="Fraction of MQ0 reads (smaller is better)">
##INFO=<ID=I16,Number=16,Type=Float,Description="Auxiliary tag used for calling, see description of bcf_callret1_t in bam2bcf.h">
##INFO=<ID=QS,Number=R,Type=Float,Description="Auxiliary tag used for calling">
##FORMAT=<ID=PL,Number=G,Type=Integer,Description="List of Phred-scaled genotype likelihoods">
##FORMAT=<ID=DP,Number=1,Type=Integer,Description="Number of high-quality bases">
##FORMAT=<ID=DV,Number=1,Type=Integer,Description="Number of high-quality non-reference bases">
##INFO=<ID=END,Number=1,Type=Integer,Description="End position of the variant described in this record">
##FORMAT=<ID=GT,Number=1,Type=String,Description="Genotype">
#CHROM	POS	ID	REF	ALT	QUAL	FILTER	INFO	FORMAT	HG00100	HG00101	HG00102
17	100	.	C	.	.	.	END=103	GT	0/0	0/0	0/0
17	104	.	G	<*>	0	.	DP=18;I16=15,0,0,0,611,26723,0,0,900,54000,0,0,295,6259,0,0;QS=3,0;MQ0F=0	PL:DP:DV	0,24,178:8:0	0,6,89:2:0	0,15,133:5:0
17	105	.	G	.	.	.	END=105	GT	0/0	0/0	0/0
17	106	.	G	<*>	0	.	DP=19;I16=17,0,0,0,644,26574,0,0,989,58441,0,0,299,6093,0,0;QS=3,0;MQ0F=0	PL:DP:DV	0,30,190:10:0	0,6,85:2:0	0,15,124:5:0
17	107	.	C	.	.	.	END=110	GT	0/0	0/0	0/0
17	111	.	G	<*>	0	.	DP=19;I16=16,0,0,0,584,24362,0,0,929,54841,0,0,272,5416,0,0;QS=3,0;MQ0F=0	PL:DP:DV	0,30,167:10:0	0,6,88:2:0	0,12,118:4:0
17	112	.	C	.	.	.	END=112	GT	0/0	0/0	0/0
17	113	.	A	<*>	0	.	DP=19;I16=16,0,0,0,645,28035,0,0,960,57600,0,0,266,5318,0,0;QS=3,0;MQ0F=0	PL:DP:DV	0,27,176:9:0	0,6,87:2:0	0,15,139:5:0
17	114	.	C	.	.	.	END=114	GT	0/0	0/0	0/0
17	115	.	C	<*>	0	.	DP=21;I16=18,0,0,0,708,30546,0,0,1049,62041,0,0,274,5490,0,0;QS=3,0;MQ0F=0	PL:DP:DV	0,30,189:10:0	0,6,89:2:0	0,18,147:6:0
17	116	.	A	<*>	0	.	DP=21;I16=17,1,0,0,727,31755,0,0,1049,62041,0,0,253,5079,0,0;QS=3,0;MQSB=1;MQ0F=0	PL:DP:DV	0,27,183:9:0	0,6,90:2:0	0,21,175:7:0
17	117	.	G	<*>	0	.	DP=21;I16=17,1,0,0,712,30478,0,0,1049,62041,0,0,249,5019,0,0;QS=3,0;MQSB=1;MQ0F=0	PL:DP:DV	0,27,183:9:0	0,6,85:2:0	0,21,177:7:0
17	118	.	G	<*>	0	.	DP=20;I16=16,1,0,0,636,26574,0,0,958,55682,0,0,266,5426,0,0;QS=3,0;MQSB=1;MQ0F=0	PL:DP:DV	0,27,175:9:0	0,3,60:1:0	0,21,162:7:0
17	119	.	G	<*>	0	.	DP=19;I16=16,1,0,0,629,26439,0,0,958,55682,0,0,267,5553,0,0;QS=3,0;MQSB=1;MQ0F=0	PL:DP:DV	0,24,175:8:0	0,6,73:2:0	0,21,160:7:0
17	120	.	A	<*>	0	.	DP=19;I16=16,1,0,0,672,29188,0,0,958,55682,0,0,264,5518,0,0;QS=3,0;MQSB=1;MQ0F=0	PL:DP:DV	0,24,175:8:0	0,6,83:2:0	0,21,171:7:0
17	121	.	G	<*>	0	.	DP=19;I16=16,1,0,0,662,28460,0,0,958,55682,0,0,260,5454,0,0;QS=3,0;MQSB=1;MQ0F=0	PL:DP:DV	0,24,181:8:0	0,6,80:2:0	0,21,168:7:0
17	122	.	C	.	.	.	END=149	GT	0/0	0/0	0/0
17	150	.	T	<*>	0	.	DP=13;I16=11,2,0,0,511,20251,0,0,749,44041,0,0,280,6362,0,0;QS=3,0;MQSB=0.5;MQ0F=0	PL:DP:DV	0,18,153:6:0	0,6,84:2:0	0,15,152:5:0
17	151	.	G	<*>	0	.	DP=13;I16=11,2,0,0,506,19826,0,0,749,44041,0,0,277,6263,0,0;QS=3,0;MQSB=0.5;MQ0F=0	PL:DP:DV	0,18,157:6:0	0,6,84:2:0	0,15,144:5:0
17	152	.	C	<*>	0	.	DP=14;I16=12,2,0,0,543,21283,0,0,809,47641,0,0,274,6174,0,0;QS=3,0;MQSB=0.5;MQ0F=0	PL:DP:DV	0,21,168:7:0	0,6,84:2:0	0,15,146:5:0
17	153	.	A	<*>	0	.	DP=14;I16=12,2,0,0,536,20594,0,0,809,47641,0,0,272,6096,0,0;QS=3,0;MQSB=0.5;MQ0F=0	PL:DP:DV	0,21,156:7:0	0,6,81:2:0	0,15,153:5:0
17	154	.	T	<*>	0	.	DP=14;I16=12,2,0,0,523,20051,0,0,809,47641,0,0,270,6030,0,0;QS=3,0;MQSB=0.5;MQ0F=0	PL:DP:DV	0,21,159:7:0	0,6,83:2:0	0,15,139:5:0
17	155	.	C	<*>	0	.	DP=14;I16=12,2,0,0,542,21254,0,0,809,47641,0,0,268,5976,0,0;QS=3,0;MQSB=0.5;MQ0F=0	PL:DP:DV	0,21,172:7:0	0,6,85:2:0	0,15,139:5:0
17	156	.	C	<*>	0	.	DP=14;I16=12,2,0,0,536,20884,0,0,809,47641,0,0,266,5934,0,0;QS=3,0;MQSB=0.5;MQ0F=0	PL:DP:DV	0,21,163:7:0	0,6,84:2:0	0,15,150:5:0
17	157	.	C	<*>	0	.	DP=14;I16=12,2,0,0,555,22081,0,0,809,47641,0,0,264,5904,0,0;QS=3,0;MQSB=0.5;MQ0F=0	PL:DP:DV	0,21,169:7:0	0,6,85:2:0	0,15,149:5:0
17	158	.	T	<*>	0	.	DP=14;I16=12,2,0,0,568,23154,0,0,809,47641,0,0,262,5886,0,0;QS=3,0;MQSB=0.5;MQ0F=0	PL:DP:DV	0,21,170:7:0	0,6,84:2:0	0,15,159:5:0
17	159	.	A	<*>	0	.	DP=15;I16=12,2,0,0,519,19467,0,0,809,47641,0,0,260,5880,0,0;QS=3,0;MQSB=0.5;MQ0F=0	PL:DP:DV	0,21,157:7:0	0,6,83:2:0	0,15,135:5:0
17	160	.	G	<*>	0	.	DP=15;I16=13,2,0,0,547,20633,0,0,869,51241,0,0,259,5887,0,0;QS=3,0;MQSB=0.5;MQ0F=0	PL:DP:DV	0,21,165:7:0	0,6,85:2:0	0,18,139:6:0
17	161	.	A	<*>	0	.	DP=15;I16=13,2,0,0,568,21610,0,0,869,51241,0,0,258,5908,0,0;QS=3,0;MQSB=0.5;MQ0F=0	PL:DP:DV	0,21,157:7:0	0,6,83:2:0	0,18,162:6:0
17	162	.	A	<*>	0	.	DP=15;I16=13,2,0,0,557,21139,0,0,869,51241,0,0,255,5843,0,0;QS=3,0;MQSB=0.5;MQ0F=0	PL:DP:DV	0,21,147:7:0	0,6,87:2:0	0,18,167:6:0
17	163	.	G	<*>	0	.	DP=14;I16=12,2,0,0,503,18645,0,0,809,47641,0,0,253,5791,0,0;QS=3,0;MQSB=0.5;MQ0F=0	PL:DP:DV	0,21,153:7:0	0,6,79:2:0	0,15,138:5:0
17	164	.	T	<*>	0	.	DP=14;I16=12,2,0,0,460,15968,0,0,809,47641,0,0,252,5750,0,0;QS=3,0;MQSB=0.5;MQ0F=0	PL:DP:DV	0,18,131:6:0	0,6,79:2:0	0,18,136:6:0
17	165	.	G	<*>	0	.	DP=14;I16=10,2,0,0,456,17460,0,0,689,40441,0,0,226,5094,0,0;QS=3,0;MQSB=0.5;MQ0F=0	PL:DP:DV	0,18,149:6:0	0,6,80:2:0	0,12,122:4:0
17	166	.	A	<*>	0	.	DP=14;I16=11,2,0,0,496,19138,0,0,749,44041,0,0,227,5077,0,0;QS=3,0;MQSB=0.5;MQ0F=0	PL:DP:DV	0,18,145:6:0	0,6,82:2:0	0,15,148:5:0
17	167	.	A	<*>	0	.	DP=14;I16=11,2,0,0,477,17851,0,0,749,44041,0,0,227,5071,0,0;QS=3,0;MQSB=0.5;MQ0F=0	PL:DP:DV	0,18,132:6:0	0,6,86:2:0	0,15,147:5:0
17	168	.	G	<*>	0	.	DP=14;I16=12,2,0,0,481,18015,0,0,809,47641,0,0,252,5702,0,0;QS=3,0;MQSB=0.5;MQ0F=0	PL:DP:DV	0,18,145:6:0	0,6,82:2:0	0,18,140:6:0
17	169	.	C	<*>	0	.	DP=13;I16=10,2,0,0,402,14224,0,0,689,40441,0,0,227,5045,0,0;QS=3,0;MQSB=0.5;MQ0F=0	PL:DP:DV	0,15,106:5:0	0,6,76:2:0	0,15,145:5:0
17	170	.	C	<*>	0	.	DP=13;I16=11,2,0,0,447,16383,0,0,749,44041,0,0,251,5601,0,0;QS=3,0;MQSB=0.5;MQ0F=0	PL:DP:DV	0,15,128:5:0	0,6,80:2:0	0,18,143:6:0
17	171	.	A	<*>	0	.	DP=13;I16=11,2,0,0,500,19366,0,0,749,44041,0,0,250,5546,0,0;QS=3,0;MQSB=0.5;MQ0F=0	PL:DP:DV	0,15,134:5:0	0,6,81:2:0	0,18,166:6:0
17	172	.	C	<*>	0	.	DP=13;I16=10,2,0,0,439,16395,0,0,689,40441,0,0,241,5441,0,0;QS=3,0;MQSB=0.5;MQ0F=0	PL:DP:DV	0,15,138:5:0	0,6,75:2:0	0,15,129:5:0
17	173	.	C	<*>	0	.	DP=13;I16=11,2,0,0,435,15225,0,0,749,44041,0,0,248,5478,0,0;QS=3,0;MQSB=0.5;MQ0F=0	PL:DP:DV	0,15,121:5:0	0,6,76:2:0	0,18,146:6:0
17	174	.	G	<*>	0	.	DP=13;I16=11,1,0,0,351,10685,0,0,689,40441,0,0,238,5364,0,0;QS=3,0;MQSB=1;MQ0F=0	PL:DP:DV	0,15,111:5:0	0,3,27:1:0	0,18,117:6:0
17	175	.	C	<*>	0	.	DP=14;I16=13,1,0,0,511,19161,0,0,809,47641,0,0,249,5463,0,0;QS=3,0;MQSB=1;MQ0F=0	PL:DP:DV	0,18,143:6:0	0,3,41:1:0	0,21,175:7:0
17	176	.	C	<*>	0	.	DP=14;I16=13,1,0,0,489,17733,0,0,809,47641,0,0,251,5477,0,0;QS=3,0;MQSB=1;MQ0F=0	PL:DP:DV	0,18,146:6:0	0,3,44:1:0	0,21,152:7:0
17	177	.	C	<*>	0	.	DP=14;I16=13,1,0,0,488,17328,0,0,809,47641,0,0,253,5507,0,0;QS=3,0;MQSB=1;MQ0F=0	PL:DP:DV	0,18,138:6:0	0,3,44:1:0	0,21,158:7:0
17	178	.	A	<*>	0	.	DP=14;I16=13,1,0,0,519,19485,0,0,809,47641,0,0,254,5502,0,0;QS=3,0;MQSB=1;MQ0F=0	PL:DP:DV	0,18,147:6:0	0,3,42:1:0	0,21,172:7:0
17	179	.	A	<*>	0	.	DP=14;I16=13,1,0,0,478,17278,0,0,809,47641,0,0,255,5511,0,0;QS=3,0;MQSB=1;MQ0F=0	PL:DP:DV	0,18,134:6:0	0,3,44:1:0	0,21,170:7:0
17	180	.	A	<*>	0	.	DP=14;I16=12,1,0,0,425,14653,0,0,749,44041,0,0,250,5498,0,0;QS=3,0;MQSB=1;MQ0F=0	PL:DP:DV	0,18,126:6:0	0,3,43:1:0	0,18,148:6:0
17	181	.	G	<*>	0	.	DP=14;I16=11,1,0,0,450,17152,0,0,689,40441,0,0,233,5233,0,0;QS=3,0;MQSB=1;MQ0F=0	PL:DP:DV	0,18,156:6:0	0,3,41:1:0	0,15,138:5:0
17	182	.	A	<*>	0	.	DP=15;I16=14,1,0,0,515,18235,0,0,869,51241,0,0,258,5622,0,0;QS=3,0;MQSB=1;MQ0F=0	PL:DP:DV	0,21,150:7:0	0,3,43:1:0	0,21,159:7:0
17	183	.	C	<*>	0	.	DP=15;I16=13,1,0,0,483,17419,0,0,809,47641,0,0,235,5063,0,0;QS=3,0;MQSB=1;MQ0F=0	PL:DP:DV	0,21,159:7:0	0,3,40:1:0	0,18,139:6:0
17	184	.	A	<*>	0	.	DP=15;I16=14,1,0,0,535,19667,0,0,869,51241,0,0,262,5770,0,0;QS=3,0;MQSB=1;MQ0F=0	PL:DP:DV	0,21,158:7:0	0,3,41:1:0	0,21,163:7:0
17	185	.	C	<*>	0	.	DP=15;I16=13,1,0,0,487,17295,0,0,809,47641,0,0,238,5192,0,0;QS=3,0;MQSB=1;MQ0F=0	PL:DP:DV	0,21,150:7:0	0,3,38:1:0	0,18,160:6:0
17	186	.	G	<*>	0	.	DP=15;I16=12,1,0,0,381,11429,0,0,749,44041,0,0,239,5253,0,0;QS=3,0;MQSB=1;MQ0F=0	PL:DP:DV	0,18,117:6:0	0,3,32:1:0	0,18,124:6:0
17	187	.	C	<*>	0	.	DP=14;I16=13,1,0,0,511,18979,0,0,809,47641,0,0,266,5952,0,0;QS=3,0;MQSB=1;MQ0F=0	PL:DP:DV	0,18,147:6:0	0,3,38:1:0	0,21,172:7:0
17	188	.	C	<*>	0	.	DP=14;I16=13,1,0,0,496,18042,0,0,809,47641,0,0,267,5989,0,0;QS=3,0;MQSB=1;MQ0F=0	PL:DP:DV	0,18,147:6:0	0,3,37:1:0	0,21,162:7:0
17	189	.	C	<*>	0	.	DP=15;I16=13,2,0,0,552,20504,0,0,838,48482,0,0,268,6040,0,0;QS=3,0;MQSB=0;MQ0F=0	PL:DP:DV	0,18,152:6:0	0,6,67:2:0	0,21,167:7:0
17	190	.	A	<*>	0	.	DP=15;I16=12,2,0,0,500,18230,0,0,778,44882,0,0,243,5381,0,0;QS=3,0;MQSB=0;MQ0F=0	PL:DP:DV	0,18,138:6:0	0,6,68:2:0	0,18,159:6:0
17	191	.	T	<*>	0	.	DP=15;I16=13,2,0,0,534,19276,0,0,838,48482,0,0,267,5939,0,0;QS=3,0;MQSB=0;MQ0F=0	PL:DP:DV	0,18,143:6:0	0,6,67:2:0	0,21,169:7:0
17	192	.	G	<*>	0	.	DP=15;I16=13,2,0,0,499,17439,0,0,838,48482,0,0,266,5890,0,0;QS=3,0;MQSB=0;MQ0F=0	PL:DP:DV	0,18,143:6:0	0,6,67:2:0	0,21,151:7:0
17	193	.	T	<*>	0	.	DP=15;I16=13,2,0,0,505,17811,0,0,838,48482,0,0,265,5859,0,0;QS=3,0;MQSB=0;MQ0F=0	PL:DP:DV	0,18,140:6:0	0,6,63:2:0	0,21,157:7:0
17	194	.	C	<*>	0	.	DP=14;I16=12,2,0,0,467,16569,0,0,778,44882,0,0,265,5845,0,0;QS=3,0;MQSB=0;MQ0F=0	PL:DP:DV	0,18,142:6:0	0,6,67:2:0	0,18,145:6:0
17	195	.	C	<*>	0	.	DP=14;I16=11,3,0,0,503,18647,0,0,747,42123,0,0,266,5846,0,0;QS=3,0;MQSB=0.0368832;MQ0F=0	PL:DP:DV	0,18,159:6:0	0,6,71:2:0	0,18,160:6:0
17	196	.	A	<*>	0	.	DP=14;I16=11,3,0,0,482,17400,0,0,747,42123,0,0,268,5862,0,0;QS=3,0;MQSB=0.0368832;MQ0F=0	PL:DP:DV	0,18,166:6:0	0,6,69:2:0	0,18,138:6:0
17	197	.	G	<*>	0	.	DP=14;I16=11,3,0,0,481,17391,0,0,747,42123,0,0,270,5894,0,0;QS=3,0;MQSB=0.0368832;MQ0F=0	PL:DP:DV	0,18,164:6:0	0,6,68:2:0	0,18,134:6:0
17	198	.	C	<*>	0	.	DP=14;I16=11,3,0,0,539,20957,0,0,747,42123,0,0,271,5893,0,0;QS=3,0;MQSB=0.0368832;MQ0F=0	PL:DP:DV	0,18,172:6:0	0,6,70:2:0	0,18,164:6:0
17	199	.	T	<*>	0	.	DP=14;I16=11,3,0,0,505,19197,0,0,747,42123,0,0,271,5861,0,0;QS=3,0;MQSB=0.0368832;MQ0F=0	PL:DP:DV	0,18,162:6:0	0,6,73:2:0	0,18,154:6:0
17	200	.	T	.	.	.	END=222	GT	0/0	0/0	0/0
17	223	.	G	<*>	0	.	DP=13;I16=9,3,0,0,405,14327,0,0,627,34923,0,0,243,5657,0,0;QS=3,0;MQSB=0.0443614;MQ0F=0	PL:DP:DV	0,18,168:6:0	0,6,53:2:0	0,12,81:4:0
17	224	.	G	<*>	0	.	DP=12;I16=9,3,0,0,379,12759,0,0,627,34923,0,0,270,6370,0,0;QS=3,0;MQSB=0.0443614;MQ0F=0	PL:DP:DV	0,18,168:6:0	0,6,50:2:0	0,12,70:4:0
17	225	.	C	<*>	0	.	DP=12;I16=8,3,0,0,382,13896,0,0,567,31323,0,0,261,6345,0,0;QS=3,0;MQSB=0.0497871;MQ0F=0	PL:DP:DV	0,18,165:6:0	0,6,48:2:0	0,9,83:3:0
17	226	.	A	<*>	0	.	DP=13;I16=8,3,0,0,381,13669,0,0,567,31323,0,0,248,5894,0,0;QS=3,0;MQSB=0.0497871;MQ0F=0	PL:DP:DV	0,18,166:6:0	0,6,53:2:0	0,9,84:3:0
17	227	.	C	<*>	0	.	DP=13;I16=8,4,0,0,406,14306,0,0,596,32164,0,0,267,6253,0,0;QS=3,0;MQSB=0.0249144;MQ0F=0	PL:DP:DV	0,21,190:7:0	0,6,53:2:0	0,9,73:3:0
17	228	.	C	<*>	0	.	DP=13;I16=9,4,0,0,417,14381,0,0,656,35764,0,0,292,6884,0,0;QS=3,0;MQSB=0.0211283;MQ0F=0	PL:DP:DV	0,21,187:7:0	0,6,45:2:0	0,12,96:4:0
17	229	.	G	<*>	0	.	DP=13;I16=9,3,0,0,358,11424,0,0,627,34923,0,0,270,6414,0,0;QS=3,0;MQSB=0.0443614;MQ0F=0	PL:DP:DV	0,18,136:6:0	0,6,53:2:0	0,12,70:4:0
17	230	.	C	<*>	0	.	DP=13;I16=9,4,0,0,461,16861,0,0,656,35764,0,0,292,6920,0,0;QS=3,0;MQSB=0.0211283;MQ0F=0	PL:DP:DV	0,21,186:7:0	0,6,53:2:0	0,12,100:4:0
17	231	.	C	<*>	0	.	DP=13;I16=7,4,0,0,414,15832,0,0,536,28564,0,0,247,5925,0,0;QS=3,0;MQSB=0.0401934;MQ0F=0	PL:DP:DV	0,18,184:6:0	0,6,53:2:0	0,9,82:3:0
17	232	.	C	<*>	0	.	DP=14;I16=9,4,0,0,471,17371,0,0,656,35764,0,0,267,6363,0,0;QS=3,0;MQSB=0.0211283;MQ0F=0	PL:DP:DV	0,21,198:7:0	0,6,53:2:0	0,12,101:4:0
17	233	.	A	<*>	0	.	DP=14;I16=10,4,0,0,496,18142,0,0,716,39364,0,0,292,6984,0,0;QS=3,0;MQSB=0.0183156;MQ0F=0	PL:DP:DV	0,21,192:7:0	0,6,53:2:0	0,15,119:5:0
17	234	.	A	<*>	0	.	DP=14;I16=10,4,0,0,502,18390,0,0,716,39364,0,0,292,6988,0,0;QS=3,0;MQSB=0.0183156;MQ0F=0	PL:DP:DV	0,21,185:7:0	0,6,53:2:0	0,15,123:5:0
17	235	.	A	<*>	0	.	DP=14;I16=9,4,0,0,476,17652,0,0,656,35764,0,0,267,6375,0,0;QS=3,0;MQSB=0.0211283;MQ0F=0	PL:DP:DV	0,21,186:7:0	0,6,53:2:0	0,12,111:4:0
17	236	.	G	<*>	0	.	DP=15;I16=11,4,0,0,501,17481,0,0,776,42964,0,0,290,6924,0,0;QS=3,0;MQSB=0.0161635;MQ0F=0	PL:DP:DV	0,24,206:8:0	0,6,53:2:0	0,15,103:5:0
17	237	.	A	<*>	0	.	DP=14;I16=9,4,0,0,465,16877,0,0,656,35764,0,0,266,6282,0,0;QS=3,0;MQSB=0.0211283;MQ0F=0	PL:DP:DV	0,24,206:8:0	0,6,53:2:0	0,9,92:3:0
17	238	.	C	<*>	0	.	DP=14;I16=10,4,0,0,482,17238,0,0,716,39364,0,0,292,6900,0,0;QS=3,0;MQSB=0.0183156;MQ0F=0	PL:DP:DV	0,24,211:8:0	0,6,53:2:0	0,12,82:4:0
17	239	.	A	<*>	0	.	DP=15;I16=10,5,0,0,525,19155,0,0,776,42964,0,0,292,6852,0,0;QS=3,0;MQSB=0.0497871;MQ0F=0	PL:DP:DV	0,27,223:9:0	0,6,50:2:0	0,12,108:4:0
17	240	.	C	<*>	0	.	DP=15;I16=10,5,0,0,512,17930,0,0,776,42964,0,0,292,6764,0,0;QS=3,0;MQSB=0.0497871;MQ0F=0	PL:DP:DV	0,27,220:9:0	0,6,53:2:0	0,12,106:4:0
17	241	.	G	<*>	0	.	DP=15;I16=9,5,0,0,444,14636,0,0,716,39364,0,0,269,6159,0,0;QS=3,0;MQSB=0.0561348;MQ0F=0	PL:DP:DV	0,27,203:9:0	0,6,53:2:0	0,9,59:3:0
17	242	.	C	<*>	0	.	DP=15;I16=10,5,0,0,555,21177,0,0,776,42964,0,0,292,6624,0,0;QS=3,0;MQSB=0.0497871;MQ0F=0	PL:DP:DV	0,27,242:9:0	0,6,53:2:0	0,12,94:4:0
17	243	.	C	<*>	0	.	DP=16;I16=9,5,0,0,523,19737,0,0,716,39364,0,0,284,6508,0,0;QS=3,0;MQSB=0.0561348;MQ0F=0	PL:DP:DV	0,24,220:8:0	0,6,53:2:0	0,12,104:4:0
17	244	.	C	.	.	.	END=301	GT	0/0	0/0	0/0
17	302	.	T	TA	0	.	INDEL;IDV=7;IMF=1;DP=25;I16=2,4,8,11,214,7674,793,33369,236,10564,993,55133,109,2229,377,8629;QS=0.511212,2.48879;VDB=0.27613;SGB=-4.22417;MQSB=0.0443614;MQ0F=0	PL:DP:DV	167,0,96:11:6	157,0,9:7:6	201,21,0:7:7
17	303	.	G	.	.	.	END=354	GT	0/0	0/0	0/0
17	355	.	G	T,<*>	0	.	DP=28;I16=14,13,0,1,1001,37907,41,1681,1442,81174,60,3600,547,12487,25,625;QS=2.875,0.125,0;SGB=-0.556633;RPB=1;MQB=1;MQSB=0.450096;BQB=1;MQ0F=0	PL:DP:DV	14,0,200,38,203,231:9:1	0,27,222,27,222,222:9:0	0,30,255,30,255,255:10:0
17	356	.	G	.	.	.	END=374	GT	0/0	0/0	0/0
17	375	.	A	T,<*>	0	.	DP=31;I16=17,13,0,1,1138,43798,14,196,1676,96964,60,3600,547,12177,4,16;QS=2.9661,0.0338983,0;SGB=-0.556633;RPB=1;MQB=1;MQSB=0.763662;BQB=1;MQ0F=0	PL:DP:DV	0,36,255,36,255,255:12:0	0,24,218,24,218,218:8:0	0,18,255,30,255,255:11:1
17	376	.	G	.	.	.	END=411	GT	0/0	0/0	0/0
17	412	.	C	T,<*>	0	.	DP=30;I16=17,12,1,0,1094,42458,14,196,1678,98882,60,3600,495,10659,25,625;QS=2.97455,0.0254545,0;SGB=-0.556633;RPB=1;MQB=1;MQSB=0.991968;BQB=1;MQ0F=0	PL:DP:DV	0,30,255,42,255,255:15:1	0,12,124,12,124,124:4:0	0,33,255,33,255,255:11:0
17	413	.	A	.	.	.	END=443	GT	0/0	0/0	0/0
17	444	.	G	<*>	0	.	DP=29;I16=15,13,0,0,1095,44661,0,0,1587,92523,0,0,557,12727,0,0;QS=3,0;MQSB=0.968414;MQ0F=0	PL:DP:DV	0,51,255:17:0	0,6,91:2:0	0,27,227:9:0
17	445	.	C	.	.	.	END=448	GT	0/0	0/0	0/0
17	449	.	A	<*>	0	.	DP=28;I16=15,12,0,0,1091,45981,0,0,1558,91682,0,0,552,12748,0,0;QS=3,0;MQSB=0.84246;MQ0F=0	PL:DP:DV	0,48,255:16:0	0,6,90:2:0	0,27,245:9:0
17	450	.	G	<*>	0	.	DP=28;I16=15,12,0,0,1069,44603,0,0,1558,91682,0,0,551,12741,0,0;QS=3,0;MQSB=0.84246;MQ0F=0	PL:DP:DV	0,48,255:16:0	0,6,91:2:0	0,27,233:9:0
17	451	.	A	<*>	0	.	DP=28;I16=15,12,0,0,1021,41371,0,0,1558,91682,0,0,550,12752,0,0;QS=3,0;MQSB=0.84246;MQ0F=0	PL:DP:DV	0,48,255:16:0	0,6,93:2:0	0,27,244:9:0
17	452	.	A	.	.	.	END=458	GT	0/0	0/0	0/0
17	459	.	T	<*>	0	.	DP=33;I16=18,13,0,0,1167,46981,0,0,1775,103851,0,0,565,12945,0,0;QS=3,0;MQSB=0.980167;MQ0F=0	PL:DP:DV	0,54,255:18:0	0,6,92:2:0	0,33,255:11:0
17	460	.	G	.	.	.	END=511	GT	0/0	0/0	0/0
17	512	.	A	C,<*>	0	.	DP=33;I16=22,10,0,1,1121,40793,13,169,1866,110210,60,3600,628,14340,9,81;QS=2.97719,0.022807,0;SGB=-0.556633;RPB=1;MQB=1;MQSB=0.981935;BQB=1;MQ0F=0	PL:DP:DV	0,39,255,51,255,255:18:1	0,21,183,21,183,183:7:0	0,24,231,24,231,231:8:0
17	513	.	A	.	.	.	END=513	GT	0/0	0/0	0/0
17	514	.	A	T,<*>	0	.	DP=32;I16=20,9,0,1,1066,40004,16,256,1686,99410,60,3600,586,13500,11,121;QS=2.97075,0.0292505,0;SGB=-0.556633;RPB=1;MQB=1;MQSB=0.980594;BQB=1;MQ0F=0	PL:DP:DV	0,31,255,45,255,255:16:1	0,18,171,18,171,171:6:0	0,24,235,24,235,235:8:0
17	515	.	C	.	.	.	END=522	GT	0/0	0/0	0/0
17	523	.	T	G,<*>	0	.	DP=32;I16=23,8,1,0,1184,45708,15,225,1837,109369,60,3600,626,14446,25,625;QS=2.9794,0.0206044,0;SGB=-0.556633;RPB=1;MQB=1;MQSB=0.872525;BQB=1;MQ0F=0	PL:DP:DV	0,44,255,57,255,255:20:1	0,21,191,21,191,191:7:0	0,15,166,15,166,166:5:0
17	524	.	T	.	.	.	END=548	GT	0/0	0/0	0/0
17	549	.	T	G,<*>	0	.	DP=32;I16=22,8,0,1,1101,40987,20,400,1746,103010,60,3600,530,11716,25,625;QS=2.96748,0.0325203,0;SGB=-0.556633;RPB=1;MQB=1;MQSB=0.632337;BQB=1;MQ0F=0	PL:DP:DV	0,31,255,48,255,255:17:1	0,21,168,21,168,168:7:0	0,21,208,21,208,208:7:0
17	550	.	T	.	.	.	END=558	GT	0/0	0/0	0/0
17	559	.	C	A,<*>	0	.	DP=27;I16=17,8,0,1,908,33726,14,196,1500,90000,29,841,448,9516,25,625;QS=2.92708,0.0729167,0;SGB=-0.556633;RPB=1;MQB=1;MQSB=0.90038;BQB=1;MQ0F=0	PL:DP:DV	0,42,255,42,255,255:14:0	0,4,116,15,119,123:6:1	0,18,169,18,169,169:6:0
17	560	.	C	.	.	.	END=573	GT	0/0	0/0	0/0
17	574	.	C	A,<*>	0	.	DP=31;I16=18,11,0,1,1088,41328,15,225,1740,104400,29,841,478,10422,25,625;QS=2.94071,0.0592885,0;SGB=-0.556633;RPB=1;MQB=1;MQSB=0.929991;BQB=1;MQ0F=0	PL:DP:DV	0,48,255,48,255,255:16:0	0,9,170,21,173,177:8:1	0,18,173,18,173,173:6:0
17	575	.	T	.	.	.	END=579	GT	0/0	0/0	0/0
17	580	.	A	C,<*>	0	.	DP=30;I16=15,14,1,0,1060,39178,16,256,1709,101641,60,3600,510,11078,17,289;QS=2.97338,0.0266223,0;SGB=-0.556633;RPB=1;MQB=1;MQSB=0.946202;BQB=1;MQ0F=0	PL:DP:DV	0,34,255,48,255,255:17:1	0,24,221,24,221,221:8:0	0,15,155,15,155,155:5:0
17	581	.	A	.	.	.	END=600	GT	0/0	0/0	0/0
